TimeQuest Timing Analyzer report for top
Thu Sep 29 23:25:05 2022
Quartus II 64-Bit Version 13.0.1 Build 232 06/12/2013 Service Pack 1 SJ Web Edition


---------------------
; Table of Contents ;
---------------------
  1. Legal Notice
  2. TimeQuest Timing Analyzer Summary
  3. Parallel Compilation
  4. Clocks
  5. Slow Model Fmax Summary
  6. Slow Model Setup Summary
  7. Slow Model Hold Summary
  8. Slow Model Recovery Summary
  9. Slow Model Removal Summary
 10. Slow Model Minimum Pulse Width Summary
 11. Propagation Delay
 12. Minimum Propagation Delay
 13. Fast Model Setup Summary
 14. Fast Model Hold Summary
 15. Fast Model Recovery Summary
 16. Fast Model Removal Summary
 17. Fast Model Minimum Pulse Width Summary
 18. Propagation Delay
 19. Minimum Propagation Delay
 20. Multicorner Timing Analysis Summary
 21. Progagation Delay
 22. Minimum Progagation Delay
 23. Clock Transfers
 24. Report TCCS
 25. Report RSKM
 26. Unconstrained Paths
 27. TimeQuest Timing Analyzer Messages



----------------
; Legal Notice ;
----------------
Copyright (C) 1991-2013 Altera Corporation
Your use of Altera Corporation's design tools, logic functions 
and other software and tools, and its AMPP partner logic 
functions, and any output files from any of the foregoing 
(including device programming or simulation files), and any 
associated documentation or information are expressly subject 
to the terms and conditions of the Altera Program License 
Subscription Agreement, Altera MegaCore Function License 
Agreement, or other applicable license agreement, including, 
without limitation, that your use is for the sole purpose of 
programming logic devices manufactured by Altera and sold by 
Altera or its authorized distributors.  Please refer to the 
applicable agreement for further details.



+----------------------------------------------------------------------------------------+
; TimeQuest Timing Analyzer Summary                                                      ;
+--------------------+-------------------------------------------------------------------+
; Quartus II Version ; Version 13.0.1 Build 232 06/12/2013 Service Pack 1 SJ Web Edition ;
; Revision Name      ; top                                                               ;
; Device Family      ; Cyclone II                                                        ;
; Device Name        ; EP2C35F672C6                                                      ;
; Timing Models      ; Final                                                             ;
; Delay Model        ; Combined                                                          ;
; Rise/Fall Delays   ; Unavailable                                                       ;
+--------------------+-------------------------------------------------------------------+


Parallel compilation was disabled, but you have multiple processors available. Enable parallel compilation to reduce compilation time.
+-------------------------------------+
; Parallel Compilation                ;
+----------------------------+--------+
; Processors                 ; Number ;
+----------------------------+--------+
; Number detected on machine ; 8      ;
; Maximum allowed            ; 1      ;
+----------------------------+--------+


----------
; Clocks ;
----------
No clocks to report.


---------------------------
; Slow Model Fmax Summary ;
---------------------------
No paths to report.


----------------------------
; Slow Model Setup Summary ;
----------------------------
No paths to report.


---------------------------
; Slow Model Hold Summary ;
---------------------------
No paths to report.


-------------------------------
; Slow Model Recovery Summary ;
-------------------------------
No paths to report.


------------------------------
; Slow Model Removal Summary ;
------------------------------
No paths to report.


------------------------------------------
; Slow Model Minimum Pulse Width Summary ;
------------------------------------------
No paths to report.


+--------------------------------------------------------------+
; Propagation Delay                                            ;
+------------+-------------+--------+--------+--------+--------+
; Input Port ; Output Port ; RR     ; RF     ; FR     ; FF     ;
+------------+-------------+--------+--------+--------+--------+
; SW[0]      ; HEX0[0]     ; 7.377  ; 7.377  ; 7.377  ; 7.377  ;
; SW[0]      ; HEX0[1]     ; 7.346  ; 7.346  ; 7.346  ; 7.346  ;
; SW[0]      ; HEX0[2]     ;        ; 7.325  ; 7.325  ;        ;
; SW[0]      ; HEX0[3]     ; 7.128  ; 7.128  ; 7.128  ; 7.128  ;
; SW[0]      ; HEX0[4]     ; 7.121  ;        ;        ; 7.121  ;
; SW[0]      ; HEX0[5]     ; 7.113  ;        ;        ; 7.113  ;
; SW[0]      ; HEX0[6]     ; 7.118  ; 7.118  ; 7.118  ; 7.118  ;
; SW[0]      ; LEDR[0]     ; 6.503  ;        ;        ; 6.503  ;
; SW[1]      ; HEX0[0]     ; 7.512  ; 7.512  ; 7.512  ; 7.512  ;
; SW[1]      ; HEX0[1]     ; 7.478  ; 7.478  ; 7.478  ; 7.478  ;
; SW[1]      ; HEX0[2]     ; 7.488  ;        ;        ; 7.488  ;
; SW[1]      ; HEX0[3]     ; 7.259  ; 7.259  ; 7.259  ; 7.259  ;
; SW[1]      ; HEX0[4]     ;        ; 7.264  ; 7.264  ;        ;
; SW[1]      ; HEX0[5]     ; 7.252  ; 7.252  ; 7.252  ; 7.252  ;
; SW[1]      ; HEX0[6]     ; 7.251  ; 7.251  ; 7.251  ; 7.251  ;
; SW[1]      ; LEDR[1]     ; 5.976  ;        ;        ; 5.976  ;
; SW[2]      ; HEX0[0]     ; 6.881  ; 6.881  ; 6.881  ; 6.881  ;
; SW[2]      ; HEX0[1]     ; 6.852  ;        ;        ; 6.852  ;
; SW[2]      ; HEX0[2]     ; 6.857  ; 6.857  ; 6.857  ; 6.857  ;
; SW[2]      ; HEX0[3]     ; 6.632  ; 6.632  ; 6.632  ; 6.632  ;
; SW[2]      ; HEX0[4]     ; 6.629  ; 6.629  ; 6.629  ; 6.629  ;
; SW[2]      ; HEX0[5]     ; 6.617  ; 6.617  ; 6.617  ; 6.617  ;
; SW[2]      ; HEX0[6]     ; 6.624  ; 6.624  ; 6.624  ; 6.624  ;
; SW[2]      ; LEDR[2]     ; 5.135  ;        ;        ; 5.135  ;
; SW[3]      ; HEX0[0]     ; 6.172  ; 6.172  ; 6.172  ; 6.172  ;
; SW[3]      ; HEX0[1]     ; 6.142  ; 6.142  ; 6.142  ; 6.142  ;
; SW[3]      ; HEX0[2]     ; 6.149  ; 6.149  ; 6.149  ; 6.149  ;
; SW[3]      ; HEX0[3]     ; 5.922  ; 5.922  ; 5.922  ; 5.922  ;
; SW[3]      ; HEX0[4]     ;        ; 5.922  ; 5.922  ;        ;
; SW[3]      ; HEX0[5]     ; 5.910  ; 5.910  ; 5.910  ; 5.910  ;
; SW[3]      ; HEX0[6]     ; 5.914  ; 5.914  ; 5.914  ; 5.914  ;
; SW[3]      ; LEDR[3]     ; 5.410  ;        ;        ; 5.410  ;
; SW[4]      ; HEX1[0]     ; 6.637  ; 6.637  ; 6.637  ; 6.637  ;
; SW[4]      ; HEX1[1]     ; 6.778  ; 6.778  ; 6.778  ; 6.778  ;
; SW[4]      ; HEX1[2]     ;        ; 6.308  ; 6.308  ;        ;
; SW[4]      ; HEX1[3]     ; 6.294  ; 6.294  ; 6.294  ; 6.294  ;
; SW[4]      ; HEX1[4]     ; 6.358  ;        ;        ; 6.358  ;
; SW[4]      ; HEX1[5]     ; 6.583  ;        ;        ; 6.583  ;
; SW[4]      ; HEX1[6]     ; 6.646  ; 6.646  ; 6.646  ; 6.646  ;
; SW[4]      ; LEDR[4]     ; 5.299  ;        ;        ; 5.299  ;
; SW[5]      ; HEX1[0]     ; 6.515  ; 6.515  ; 6.515  ; 6.515  ;
; SW[5]      ; HEX1[1]     ; 6.655  ; 6.655  ; 6.655  ; 6.655  ;
; SW[5]      ; HEX1[2]     ; 6.210  ;        ;        ; 6.210  ;
; SW[5]      ; HEX1[3]     ; 6.170  ; 6.170  ; 6.170  ; 6.170  ;
; SW[5]      ; HEX1[4]     ;        ; 6.220  ; 6.220  ;        ;
; SW[5]      ; HEX1[5]     ; 6.444  ; 6.444  ; 6.444  ; 6.444  ;
; SW[5]      ; HEX1[6]     ; 6.523  ; 6.523  ; 6.523  ; 6.523  ;
; SW[5]      ; LEDR[5]     ; 5.437  ;        ;        ; 5.437  ;
; SW[6]      ; HEX1[0]     ; 6.230  ; 6.230  ; 6.230  ; 6.230  ;
; SW[6]      ; HEX1[1]     ; 6.374  ;        ;        ; 6.374  ;
; SW[6]      ; HEX1[2]     ; 5.931  ; 5.931  ; 5.931  ; 5.931  ;
; SW[6]      ; HEX1[3]     ; 5.890  ; 5.890  ; 5.890  ; 5.890  ;
; SW[6]      ; HEX1[4]     ; 5.954  ; 5.954  ; 5.954  ; 5.954  ;
; SW[6]      ; HEX1[5]     ; 6.179  ; 6.179  ; 6.179  ; 6.179  ;
; SW[6]      ; HEX1[6]     ; 6.239  ; 6.239  ; 6.239  ; 6.239  ;
; SW[6]      ; LEDR[6]     ; 5.467  ;        ;        ; 5.467  ;
; SW[7]      ; HEX1[0]     ; 7.650  ; 7.650  ; 7.650  ; 7.650  ;
; SW[7]      ; HEX1[1]     ; 7.797  ; 7.797  ; 7.797  ; 7.797  ;
; SW[7]      ; HEX1[2]     ; 7.328  ; 7.328  ; 7.328  ; 7.328  ;
; SW[7]      ; HEX1[3]     ; 7.313  ; 7.313  ; 7.313  ; 7.313  ;
; SW[7]      ; HEX1[4]     ;        ; 7.378  ; 7.378  ;        ;
; SW[7]      ; HEX1[5]     ; 7.570  ; 7.570  ; 7.570  ; 7.570  ;
; SW[7]      ; HEX1[6]     ; 7.660  ; 7.660  ; 7.660  ; 7.660  ;
; SW[7]      ; LEDR[7]     ; 6.303  ;        ;        ; 6.303  ;
; SW[8]      ; HEX2[0]     ; 7.397  ; 7.397  ; 7.397  ; 7.397  ;
; SW[8]      ; HEX2[1]     ; 7.233  ; 7.233  ; 7.233  ; 7.233  ;
; SW[8]      ; HEX2[2]     ;        ; 7.244  ; 7.244  ;        ;
; SW[8]      ; HEX2[3]     ; 7.235  ; 7.235  ; 7.235  ; 7.235  ;
; SW[8]      ; HEX2[4]     ; 7.437  ;        ;        ; 7.437  ;
; SW[8]      ; HEX2[5]     ; 7.543  ;        ;        ; 7.543  ;
; SW[8]      ; HEX2[6]     ; 7.534  ; 7.534  ; 7.534  ; 7.534  ;
; SW[8]      ; LEDR[8]     ; 6.782  ;        ;        ; 6.782  ;
; SW[9]      ; HEX2[0]     ; 6.902  ; 6.902  ; 6.902  ; 6.902  ;
; SW[9]      ; HEX2[1]     ; 6.738  ; 6.738  ; 6.738  ; 6.738  ;
; SW[9]      ; HEX2[2]     ; 6.781  ;        ;        ; 6.781  ;
; SW[9]      ; HEX2[3]     ; 6.749  ; 6.749  ; 6.749  ; 6.749  ;
; SW[9]      ; HEX2[4]     ;        ; 6.946  ; 6.946  ;        ;
; SW[9]      ; HEX2[5]     ; 7.054  ; 7.054  ; 7.054  ; 7.054  ;
; SW[9]      ; HEX2[6]     ; 7.038  ; 7.038  ; 7.038  ; 7.038  ;
; SW[9]      ; LEDR[9]     ; 6.766  ;        ;        ; 6.766  ;
; SW[10]     ; HEX2[0]     ; 7.473  ; 7.473  ; 7.473  ; 7.473  ;
; SW[10]     ; HEX2[1]     ; 7.309  ;        ;        ; 7.309  ;
; SW[10]     ; HEX2[2]     ; 7.351  ; 7.351  ; 7.351  ; 7.351  ;
; SW[10]     ; HEX2[3]     ; 7.319  ; 7.319  ; 7.319  ; 7.319  ;
; SW[10]     ; HEX2[4]     ; 7.516  ; 7.516  ; 7.516  ; 7.516  ;
; SW[10]     ; HEX2[5]     ; 7.622  ; 7.622  ; 7.622  ; 7.622  ;
; SW[10]     ; HEX2[6]     ; 7.609  ; 7.609  ; 7.609  ; 7.609  ;
; SW[10]     ; LEDR[10]    ; 5.713  ;        ;        ; 5.713  ;
; SW[11]     ; HEX2[0]     ; 7.077  ; 7.077  ; 7.077  ; 7.077  ;
; SW[11]     ; HEX2[1]     ; 6.912  ; 6.912  ; 6.912  ; 6.912  ;
; SW[11]     ; HEX2[2]     ; 6.951  ; 6.951  ; 6.951  ; 6.951  ;
; SW[11]     ; HEX2[3]     ; 6.917  ; 6.917  ; 6.917  ; 6.917  ;
; SW[11]     ; HEX2[4]     ;        ; 7.106  ; 7.106  ;        ;
; SW[11]     ; HEX2[5]     ; 7.213  ; 7.213  ; 7.213  ; 7.213  ;
; SW[11]     ; HEX2[6]     ; 7.209  ; 7.209  ; 7.209  ; 7.209  ;
; SW[11]     ; LEDR[11]    ; 5.690  ;        ;        ; 5.690  ;
; SW[12]     ; HEX3[0]     ; 7.054  ; 7.054  ; 7.054  ; 7.054  ;
; SW[12]     ; HEX3[1]     ; 6.934  ; 6.934  ; 6.934  ; 6.934  ;
; SW[12]     ; HEX3[2]     ;        ; 6.929  ; 6.929  ;        ;
; SW[12]     ; HEX3[3]     ; 6.889  ; 6.889  ; 6.889  ; 6.889  ;
; SW[12]     ; HEX3[4]     ; 6.920  ;        ;        ; 6.920  ;
; SW[12]     ; HEX3[5]     ; 7.127  ;        ;        ; 7.127  ;
; SW[12]     ; HEX3[6]     ; 7.146  ; 7.146  ; 7.146  ; 7.146  ;
; SW[12]     ; LEDR[12]    ; 5.923  ;        ;        ; 5.923  ;
; SW[13]     ; HEX3[0]     ; 10.626 ; 10.626 ; 10.626 ; 10.626 ;
; SW[13]     ; HEX3[1]     ; 10.537 ; 10.537 ; 10.537 ; 10.537 ;
; SW[13]     ; HEX3[2]     ; 10.529 ;        ;        ; 10.529 ;
; SW[13]     ; HEX3[3]     ; 10.491 ; 10.491 ; 10.491 ; 10.491 ;
; SW[13]     ; HEX3[4]     ;        ; 10.522 ; 10.522 ;        ;
; SW[13]     ; HEX3[5]     ; 10.730 ; 10.730 ; 10.730 ; 10.730 ;
; SW[13]     ; HEX3[6]     ; 10.753 ; 10.753 ; 10.753 ; 10.753 ;
; SW[13]     ; LEDR[13]    ; 9.826  ;        ;        ; 9.826  ;
; SW[14]     ; HEX3[0]     ; 10.717 ; 10.717 ; 10.717 ; 10.717 ;
; SW[14]     ; HEX3[1]     ; 10.598 ;        ;        ; 10.598 ;
; SW[14]     ; HEX3[2]     ; 10.565 ; 10.565 ; 10.565 ; 10.565 ;
; SW[14]     ; HEX3[3]     ; 10.552 ; 10.552 ; 10.552 ; 10.552 ;
; SW[14]     ; HEX3[4]     ; 10.592 ; 10.592 ; 10.592 ; 10.592 ;
; SW[14]     ; HEX3[5]     ; 10.797 ; 10.797 ; 10.797 ; 10.797 ;
; SW[14]     ; HEX3[6]     ; 10.814 ; 10.814 ; 10.814 ; 10.814 ;
; SW[14]     ; LEDR[14]    ; 9.854  ;        ;        ; 9.854  ;
; SW[15]     ; HEX3[0]     ; 10.404 ; 10.404 ; 10.404 ; 10.404 ;
; SW[15]     ; HEX3[1]     ; 10.284 ; 10.284 ; 10.284 ; 10.284 ;
; SW[15]     ; HEX3[2]     ; 10.287 ; 10.287 ; 10.287 ; 10.287 ;
; SW[15]     ; HEX3[3]     ; 10.240 ; 10.240 ; 10.240 ; 10.240 ;
; SW[15]     ; HEX3[4]     ;        ; 10.284 ; 10.284 ;        ;
; SW[15]     ; HEX3[5]     ; 10.490 ; 10.490 ; 10.490 ; 10.490 ;
; SW[15]     ; HEX3[6]     ; 10.500 ; 10.500 ; 10.500 ; 10.500 ;
; SW[15]     ; LEDR[15]    ; 9.828  ;        ;        ; 9.828  ;
; SW[16]     ; HEX4[0]     ; 9.213  ;        ;        ; 9.213  ;
; SW[16]     ; HEX4[2]     ;        ; 9.333  ; 9.333  ;        ;
; SW[16]     ; HEX4[3]     ; 9.042  ;        ;        ; 9.042  ;
; SW[16]     ; HEX4[4]     ; 8.328  ;        ;        ; 8.328  ;
; SW[16]     ; HEX4[5]     ; 9.015  ;        ;        ; 9.015  ;
; SW[16]     ; LEDR[16]    ; 9.619  ;        ;        ; 9.619  ;
; SW[17]     ; HEX4[0]     ;        ; 9.085  ; 9.085  ;        ;
; SW[17]     ; HEX4[2]     ; 9.204  ;        ;        ; 9.204  ;
; SW[17]     ; HEX4[3]     ;        ; 8.914  ; 8.914  ;        ;
; SW[17]     ; HEX4[5]     ; 8.919  ;        ;        ; 8.919  ;
; SW[17]     ; HEX4[6]     ;        ; 8.336  ; 8.336  ;        ;
; SW[17]     ; LEDR[17]    ; 9.597  ;        ;        ; 9.597  ;
+------------+-------------+--------+--------+--------+--------+


+--------------------------------------------------------------+
; Minimum Propagation Delay                                    ;
+------------+-------------+--------+--------+--------+--------+
; Input Port ; Output Port ; RR     ; RF     ; FR     ; FF     ;
+------------+-------------+--------+--------+--------+--------+
; SW[0]      ; HEX0[0]     ; 7.377  ; 7.377  ; 7.377  ; 7.377  ;
; SW[0]      ; HEX0[1]     ; 7.346  ; 7.346  ; 7.346  ; 7.346  ;
; SW[0]      ; HEX0[2]     ;        ; 7.325  ; 7.325  ;        ;
; SW[0]      ; HEX0[3]     ; 7.128  ; 7.128  ; 7.128  ; 7.128  ;
; SW[0]      ; HEX0[4]     ; 7.121  ;        ;        ; 7.121  ;
; SW[0]      ; HEX0[5]     ; 7.113  ;        ;        ; 7.113  ;
; SW[0]      ; HEX0[6]     ; 7.118  ; 7.118  ; 7.118  ; 7.118  ;
; SW[0]      ; LEDR[0]     ; 6.503  ;        ;        ; 6.503  ;
; SW[1]      ; HEX0[0]     ; 7.512  ; 7.512  ; 7.512  ; 7.512  ;
; SW[1]      ; HEX0[1]     ; 7.478  ; 7.478  ; 7.478  ; 7.478  ;
; SW[1]      ; HEX0[2]     ; 7.488  ;        ;        ; 7.488  ;
; SW[1]      ; HEX0[3]     ; 7.259  ; 7.259  ; 7.259  ; 7.259  ;
; SW[1]      ; HEX0[4]     ;        ; 7.264  ; 7.264  ;        ;
; SW[1]      ; HEX0[5]     ; 7.252  ; 7.252  ; 7.252  ; 7.252  ;
; SW[1]      ; HEX0[6]     ; 7.251  ; 7.251  ; 7.251  ; 7.251  ;
; SW[1]      ; LEDR[1]     ; 5.976  ;        ;        ; 5.976  ;
; SW[2]      ; HEX0[0]     ; 6.881  ; 6.881  ; 6.881  ; 6.881  ;
; SW[2]      ; HEX0[1]     ; 6.852  ;        ;        ; 6.852  ;
; SW[2]      ; HEX0[2]     ; 6.857  ; 6.857  ; 6.857  ; 6.857  ;
; SW[2]      ; HEX0[3]     ; 6.632  ; 6.632  ; 6.632  ; 6.632  ;
; SW[2]      ; HEX0[4]     ; 6.629  ; 6.629  ; 6.629  ; 6.629  ;
; SW[2]      ; HEX0[5]     ; 6.617  ; 6.617  ; 6.617  ; 6.617  ;
; SW[2]      ; HEX0[6]     ; 6.624  ; 6.624  ; 6.624  ; 6.624  ;
; SW[2]      ; LEDR[2]     ; 5.135  ;        ;        ; 5.135  ;
; SW[3]      ; HEX0[0]     ; 6.172  ; 6.172  ; 6.172  ; 6.172  ;
; SW[3]      ; HEX0[1]     ; 6.142  ; 6.142  ; 6.142  ; 6.142  ;
; SW[3]      ; HEX0[2]     ; 6.149  ; 6.149  ; 6.149  ; 6.149  ;
; SW[3]      ; HEX0[3]     ; 5.922  ; 5.922  ; 5.922  ; 5.922  ;
; SW[3]      ; HEX0[4]     ;        ; 5.922  ; 5.922  ;        ;
; SW[3]      ; HEX0[5]     ; 5.910  ; 5.910  ; 5.910  ; 5.910  ;
; SW[3]      ; HEX0[6]     ; 5.914  ; 5.914  ; 5.914  ; 5.914  ;
; SW[3]      ; LEDR[3]     ; 5.410  ;        ;        ; 5.410  ;
; SW[4]      ; HEX1[0]     ; 6.637  ; 6.637  ; 6.637  ; 6.637  ;
; SW[4]      ; HEX1[1]     ; 6.778  ; 6.778  ; 6.778  ; 6.778  ;
; SW[4]      ; HEX1[2]     ;        ; 6.308  ; 6.308  ;        ;
; SW[4]      ; HEX1[3]     ; 6.294  ; 6.294  ; 6.294  ; 6.294  ;
; SW[4]      ; HEX1[4]     ; 6.358  ;        ;        ; 6.358  ;
; SW[4]      ; HEX1[5]     ; 6.583  ;        ;        ; 6.583  ;
; SW[4]      ; HEX1[6]     ; 6.646  ; 6.646  ; 6.646  ; 6.646  ;
; SW[4]      ; LEDR[4]     ; 5.299  ;        ;        ; 5.299  ;
; SW[5]      ; HEX1[0]     ; 6.515  ; 6.515  ; 6.515  ; 6.515  ;
; SW[5]      ; HEX1[1]     ; 6.655  ; 6.655  ; 6.655  ; 6.655  ;
; SW[5]      ; HEX1[2]     ; 6.210  ;        ;        ; 6.210  ;
; SW[5]      ; HEX1[3]     ; 6.170  ; 6.170  ; 6.170  ; 6.170  ;
; SW[5]      ; HEX1[4]     ;        ; 6.220  ; 6.220  ;        ;
; SW[5]      ; HEX1[5]     ; 6.444  ; 6.444  ; 6.444  ; 6.444  ;
; SW[5]      ; HEX1[6]     ; 6.523  ; 6.523  ; 6.523  ; 6.523  ;
; SW[5]      ; LEDR[5]     ; 5.437  ;        ;        ; 5.437  ;
; SW[6]      ; HEX1[0]     ; 6.230  ; 6.230  ; 6.230  ; 6.230  ;
; SW[6]      ; HEX1[1]     ; 6.374  ;        ;        ; 6.374  ;
; SW[6]      ; HEX1[2]     ; 5.931  ; 5.931  ; 5.931  ; 5.931  ;
; SW[6]      ; HEX1[3]     ; 5.890  ; 5.890  ; 5.890  ; 5.890  ;
; SW[6]      ; HEX1[4]     ; 5.954  ; 5.954  ; 5.954  ; 5.954  ;
; SW[6]      ; HEX1[5]     ; 6.179  ; 6.179  ; 6.179  ; 6.179  ;
; SW[6]      ; HEX1[6]     ; 6.239  ; 6.239  ; 6.239  ; 6.239  ;
; SW[6]      ; LEDR[6]     ; 5.467  ;        ;        ; 5.467  ;
; SW[7]      ; HEX1[0]     ; 7.650  ; 7.650  ; 7.650  ; 7.650  ;
; SW[7]      ; HEX1[1]     ; 7.797  ; 7.797  ; 7.797  ; 7.797  ;
; SW[7]      ; HEX1[2]     ; 7.328  ; 7.328  ; 7.328  ; 7.328  ;
; SW[7]      ; HEX1[3]     ; 7.313  ; 7.313  ; 7.313  ; 7.313  ;
; SW[7]      ; HEX1[4]     ;        ; 7.378  ; 7.378  ;        ;
; SW[7]      ; HEX1[5]     ; 7.570  ; 7.570  ; 7.570  ; 7.570  ;
; SW[7]      ; HEX1[6]     ; 7.660  ; 7.660  ; 7.660  ; 7.660  ;
; SW[7]      ; LEDR[7]     ; 6.303  ;        ;        ; 6.303  ;
; SW[8]      ; HEX2[0]     ; 7.397  ; 7.397  ; 7.397  ; 7.397  ;
; SW[8]      ; HEX2[1]     ; 7.233  ; 7.233  ; 7.233  ; 7.233  ;
; SW[8]      ; HEX2[2]     ;        ; 7.244  ; 7.244  ;        ;
; SW[8]      ; HEX2[3]     ; 7.235  ; 7.235  ; 7.235  ; 7.235  ;
; SW[8]      ; HEX2[4]     ; 7.437  ;        ;        ; 7.437  ;
; SW[8]      ; HEX2[5]     ; 7.543  ;        ;        ; 7.543  ;
; SW[8]      ; HEX2[6]     ; 7.534  ; 7.534  ; 7.534  ; 7.534  ;
; SW[8]      ; LEDR[8]     ; 6.782  ;        ;        ; 6.782  ;
; SW[9]      ; HEX2[0]     ; 6.902  ; 6.902  ; 6.902  ; 6.902  ;
; SW[9]      ; HEX2[1]     ; 6.738  ; 6.738  ; 6.738  ; 6.738  ;
; SW[9]      ; HEX2[2]     ; 6.781  ;        ;        ; 6.781  ;
; SW[9]      ; HEX2[3]     ; 6.749  ; 6.749  ; 6.749  ; 6.749  ;
; SW[9]      ; HEX2[4]     ;        ; 6.946  ; 6.946  ;        ;
; SW[9]      ; HEX2[5]     ; 7.054  ; 7.054  ; 7.054  ; 7.054  ;
; SW[9]      ; HEX2[6]     ; 7.038  ; 7.038  ; 7.038  ; 7.038  ;
; SW[9]      ; LEDR[9]     ; 6.766  ;        ;        ; 6.766  ;
; SW[10]     ; HEX2[0]     ; 7.473  ; 7.473  ; 7.473  ; 7.473  ;
; SW[10]     ; HEX2[1]     ; 7.309  ;        ;        ; 7.309  ;
; SW[10]     ; HEX2[2]     ; 7.351  ; 7.351  ; 7.351  ; 7.351  ;
; SW[10]     ; HEX2[3]     ; 7.319  ; 7.319  ; 7.319  ; 7.319  ;
; SW[10]     ; HEX2[4]     ; 7.516  ; 7.516  ; 7.516  ; 7.516  ;
; SW[10]     ; HEX2[5]     ; 7.622  ; 7.622  ; 7.622  ; 7.622  ;
; SW[10]     ; HEX2[6]     ; 7.609  ; 7.609  ; 7.609  ; 7.609  ;
; SW[10]     ; LEDR[10]    ; 5.713  ;        ;        ; 5.713  ;
; SW[11]     ; HEX2[0]     ; 7.077  ; 7.077  ; 7.077  ; 7.077  ;
; SW[11]     ; HEX2[1]     ; 6.912  ; 6.912  ; 6.912  ; 6.912  ;
; SW[11]     ; HEX2[2]     ; 6.951  ; 6.951  ; 6.951  ; 6.951  ;
; SW[11]     ; HEX2[3]     ; 6.917  ; 6.917  ; 6.917  ; 6.917  ;
; SW[11]     ; HEX2[4]     ;        ; 7.106  ; 7.106  ;        ;
; SW[11]     ; HEX2[5]     ; 7.213  ; 7.213  ; 7.213  ; 7.213  ;
; SW[11]     ; HEX2[6]     ; 7.209  ; 7.209  ; 7.209  ; 7.209  ;
; SW[11]     ; LEDR[11]    ; 5.690  ;        ;        ; 5.690  ;
; SW[12]     ; HEX3[0]     ; 7.054  ; 7.054  ; 7.054  ; 7.054  ;
; SW[12]     ; HEX3[1]     ; 6.934  ; 6.934  ; 6.934  ; 6.934  ;
; SW[12]     ; HEX3[2]     ;        ; 6.929  ; 6.929  ;        ;
; SW[12]     ; HEX3[3]     ; 6.889  ; 6.889  ; 6.889  ; 6.889  ;
; SW[12]     ; HEX3[4]     ; 6.920  ;        ;        ; 6.920  ;
; SW[12]     ; HEX3[5]     ; 7.127  ;        ;        ; 7.127  ;
; SW[12]     ; HEX3[6]     ; 7.146  ; 7.146  ; 7.146  ; 7.146  ;
; SW[12]     ; LEDR[12]    ; 5.923  ;        ;        ; 5.923  ;
; SW[13]     ; HEX3[0]     ; 10.626 ; 10.626 ; 10.626 ; 10.626 ;
; SW[13]     ; HEX3[1]     ; 10.537 ; 10.537 ; 10.537 ; 10.537 ;
; SW[13]     ; HEX3[2]     ; 10.529 ;        ;        ; 10.529 ;
; SW[13]     ; HEX3[3]     ; 10.491 ; 10.491 ; 10.491 ; 10.491 ;
; SW[13]     ; HEX3[4]     ;        ; 10.522 ; 10.522 ;        ;
; SW[13]     ; HEX3[5]     ; 10.730 ; 10.730 ; 10.730 ; 10.730 ;
; SW[13]     ; HEX3[6]     ; 10.753 ; 10.753 ; 10.753 ; 10.753 ;
; SW[13]     ; LEDR[13]    ; 9.826  ;        ;        ; 9.826  ;
; SW[14]     ; HEX3[0]     ; 10.717 ; 10.717 ; 10.717 ; 10.717 ;
; SW[14]     ; HEX3[1]     ; 10.598 ;        ;        ; 10.598 ;
; SW[14]     ; HEX3[2]     ; 10.565 ; 10.565 ; 10.565 ; 10.565 ;
; SW[14]     ; HEX3[3]     ; 10.552 ; 10.552 ; 10.552 ; 10.552 ;
; SW[14]     ; HEX3[4]     ; 10.592 ; 10.592 ; 10.592 ; 10.592 ;
; SW[14]     ; HEX3[5]     ; 10.797 ; 10.797 ; 10.797 ; 10.797 ;
; SW[14]     ; HEX3[6]     ; 10.814 ; 10.814 ; 10.814 ; 10.814 ;
; SW[14]     ; LEDR[14]    ; 9.854  ;        ;        ; 9.854  ;
; SW[15]     ; HEX3[0]     ; 10.404 ; 10.404 ; 10.404 ; 10.404 ;
; SW[15]     ; HEX3[1]     ; 10.284 ; 10.284 ; 10.284 ; 10.284 ;
; SW[15]     ; HEX3[2]     ; 10.287 ; 10.287 ; 10.287 ; 10.287 ;
; SW[15]     ; HEX3[3]     ; 10.240 ; 10.240 ; 10.240 ; 10.240 ;
; SW[15]     ; HEX3[4]     ;        ; 10.284 ; 10.284 ;        ;
; SW[15]     ; HEX3[5]     ; 10.490 ; 10.490 ; 10.490 ; 10.490 ;
; SW[15]     ; HEX3[6]     ; 10.500 ; 10.500 ; 10.500 ; 10.500 ;
; SW[15]     ; LEDR[15]    ; 9.828  ;        ;        ; 9.828  ;
; SW[16]     ; HEX4[0]     ; 9.213  ;        ;        ; 9.213  ;
; SW[16]     ; HEX4[2]     ;        ; 9.333  ; 9.333  ;        ;
; SW[16]     ; HEX4[3]     ; 9.042  ;        ;        ; 9.042  ;
; SW[16]     ; HEX4[4]     ; 8.328  ;        ;        ; 8.328  ;
; SW[16]     ; HEX4[5]     ; 9.015  ;        ;        ; 9.015  ;
; SW[16]     ; LEDR[16]    ; 9.619  ;        ;        ; 9.619  ;
; SW[17]     ; HEX4[0]     ;        ; 9.085  ; 9.085  ;        ;
; SW[17]     ; HEX4[2]     ; 9.204  ;        ;        ; 9.204  ;
; SW[17]     ; HEX4[3]     ;        ; 8.914  ; 8.914  ;        ;
; SW[17]     ; HEX4[5]     ; 8.919  ;        ;        ; 8.919  ;
; SW[17]     ; HEX4[6]     ;        ; 8.336  ; 8.336  ;        ;
; SW[17]     ; LEDR[17]    ; 9.597  ;        ;        ; 9.597  ;
+------------+-------------+--------+--------+--------+--------+


----------------------------
; Fast Model Setup Summary ;
----------------------------
No paths to report.


---------------------------
; Fast Model Hold Summary ;
---------------------------
No paths to report.


-------------------------------
; Fast Model Recovery Summary ;
-------------------------------
No paths to report.


------------------------------
; Fast Model Removal Summary ;
------------------------------
No paths to report.


------------------------------------------
; Fast Model Minimum Pulse Width Summary ;
------------------------------------------
No paths to report.


+----------------------------------------------------------+
; Propagation Delay                                        ;
+------------+-------------+-------+-------+-------+-------+
; Input Port ; Output Port ; RR    ; RF    ; FR    ; FF    ;
+------------+-------------+-------+-------+-------+-------+
; SW[0]      ; HEX0[0]     ; 3.850 ; 3.850 ; 3.850 ; 3.850 ;
; SW[0]      ; HEX0[1]     ; 3.822 ; 3.822 ; 3.822 ; 3.822 ;
; SW[0]      ; HEX0[2]     ;       ; 3.827 ; 3.827 ;       ;
; SW[0]      ; HEX0[3]     ; 3.733 ; 3.733 ; 3.733 ; 3.733 ;
; SW[0]      ; HEX0[4]     ; 3.727 ;       ;       ; 3.727 ;
; SW[0]      ; HEX0[5]     ; 3.725 ;       ;       ; 3.725 ;
; SW[0]      ; HEX0[6]     ; 3.724 ; 3.724 ; 3.724 ; 3.724 ;
; SW[0]      ; LEDR[0]     ; 3.523 ;       ;       ; 3.523 ;
; SW[1]      ; HEX0[0]     ; 3.941 ; 3.941 ; 3.941 ; 3.941 ;
; SW[1]      ; HEX0[1]     ; 3.910 ; 3.910 ; 3.910 ; 3.910 ;
; SW[1]      ; HEX0[2]     ; 3.922 ;       ;       ; 3.922 ;
; SW[1]      ; HEX0[3]     ; 3.824 ; 3.824 ; 3.824 ; 3.824 ;
; SW[1]      ; HEX0[4]     ;       ; 3.824 ; 3.824 ;       ;
; SW[1]      ; HEX0[5]     ; 3.816 ; 3.816 ; 3.816 ; 3.816 ;
; SW[1]      ; HEX0[6]     ; 3.812 ; 3.812 ; 3.812 ; 3.812 ;
; SW[1]      ; LEDR[1]     ; 3.236 ;       ;       ; 3.236 ;
; SW[2]      ; HEX0[0]     ; 3.647 ; 3.647 ; 3.647 ; 3.647 ;
; SW[2]      ; HEX0[1]     ; 3.619 ;       ;       ; 3.619 ;
; SW[2]      ; HEX0[2]     ; 3.623 ; 3.623 ; 3.623 ; 3.623 ;
; SW[2]      ; HEX0[3]     ; 3.530 ; 3.530 ; 3.530 ; 3.530 ;
; SW[2]      ; HEX0[4]     ; 3.526 ; 3.526 ; 3.526 ; 3.526 ;
; SW[2]      ; HEX0[5]     ; 3.514 ; 3.514 ; 3.514 ; 3.514 ;
; SW[2]      ; HEX0[6]     ; 3.520 ; 3.520 ; 3.520 ; 3.520 ;
; SW[2]      ; LEDR[2]     ; 2.794 ;       ;       ; 2.794 ;
; SW[3]      ; HEX0[0]     ; 3.208 ; 3.208 ; 3.208 ; 3.208 ;
; SW[3]      ; HEX0[1]     ; 3.180 ; 3.180 ; 3.180 ; 3.180 ;
; SW[3]      ; HEX0[2]     ; 3.191 ; 3.191 ; 3.191 ; 3.191 ;
; SW[3]      ; HEX0[3]     ; 3.091 ; 3.091 ; 3.091 ; 3.091 ;
; SW[3]      ; HEX0[4]     ;       ; 3.090 ; 3.090 ;       ;
; SW[3]      ; HEX0[5]     ; 3.079 ; 3.079 ; 3.079 ; 3.079 ;
; SW[3]      ; HEX0[6]     ; 3.082 ; 3.082 ; 3.082 ; 3.082 ;
; SW[3]      ; LEDR[3]     ; 2.908 ;       ;       ; 2.908 ;
; SW[4]      ; HEX1[0]     ; 3.433 ; 3.433 ; 3.433 ; 3.433 ;
; SW[4]      ; HEX1[1]     ; 3.508 ; 3.508 ; 3.508 ; 3.508 ;
; SW[4]      ; HEX1[2]     ;       ; 3.254 ; 3.254 ;       ;
; SW[4]      ; HEX1[3]     ; 3.230 ; 3.230 ; 3.230 ; 3.230 ;
; SW[4]      ; HEX1[4]     ; 3.276 ;       ;       ; 3.276 ;
; SW[4]      ; HEX1[5]     ; 3.373 ;       ;       ; 3.373 ;
; SW[4]      ; HEX1[6]     ; 3.408 ; 3.408 ; 3.408 ; 3.408 ;
; SW[4]      ; LEDR[4]     ; 2.856 ;       ;       ; 2.856 ;
; SW[5]      ; HEX1[0]     ; 3.392 ; 3.392 ; 3.392 ; 3.392 ;
; SW[5]      ; HEX1[1]     ; 3.465 ; 3.465 ; 3.465 ; 3.465 ;
; SW[5]      ; HEX1[2]     ; 3.211 ;       ;       ; 3.211 ;
; SW[5]      ; HEX1[3]     ; 3.186 ; 3.186 ; 3.186 ; 3.186 ;
; SW[5]      ; HEX1[4]     ;       ; 3.223 ; 3.223 ;       ;
; SW[5]      ; HEX1[5]     ; 3.312 ; 3.312 ; 3.312 ; 3.312 ;
; SW[5]      ; HEX1[6]     ; 3.367 ; 3.367 ; 3.367 ; 3.367 ;
; SW[5]      ; LEDR[5]     ; 2.926 ;       ;       ; 2.926 ;
; SW[6]      ; HEX1[0]     ; 3.256 ; 3.256 ; 3.256 ; 3.256 ;
; SW[6]      ; HEX1[1]     ; 3.333 ;       ;       ; 3.333 ;
; SW[6]      ; HEX1[2]     ; 3.079 ; 3.079 ; 3.079 ; 3.079 ;
; SW[6]      ; HEX1[3]     ; 3.055 ; 3.055 ; 3.055 ; 3.055 ;
; SW[6]      ; HEX1[4]     ; 3.101 ; 3.101 ; 3.101 ; 3.101 ;
; SW[6]      ; HEX1[5]     ; 3.191 ; 3.191 ; 3.191 ; 3.191 ;
; SW[6]      ; HEX1[6]     ; 3.231 ; 3.231 ; 3.231 ; 3.231 ;
; SW[6]      ; LEDR[6]     ; 2.946 ;       ;       ; 2.946 ;
; SW[7]      ; HEX1[0]     ; 4.017 ; 4.017 ; 4.017 ; 4.017 ;
; SW[7]      ; HEX1[1]     ; 4.095 ; 4.095 ; 4.095 ; 4.095 ;
; SW[7]      ; HEX1[2]     ; 3.846 ; 3.846 ; 3.846 ; 3.846 ;
; SW[7]      ; HEX1[3]     ; 3.817 ; 3.817 ; 3.817 ; 3.817 ;
; SW[7]      ; HEX1[4]     ;       ; 3.863 ; 3.863 ;       ;
; SW[7]      ; HEX1[5]     ; 3.956 ; 3.956 ; 3.956 ; 3.956 ;
; SW[7]      ; HEX1[6]     ; 3.993 ; 3.993 ; 3.993 ; 3.993 ;
; SW[7]      ; LEDR[7]     ; 3.449 ;       ;       ; 3.449 ;
; SW[8]      ; HEX2[0]     ; 3.912 ; 3.912 ; 3.912 ; 3.912 ;
; SW[8]      ; HEX2[1]     ; 3.831 ; 3.831 ; 3.831 ; 3.831 ;
; SW[8]      ; HEX2[2]     ;       ; 3.868 ; 3.868 ;       ;
; SW[8]      ; HEX2[3]     ; 3.854 ; 3.854 ; 3.854 ; 3.854 ;
; SW[8]      ; HEX2[4]     ; 3.938 ;       ;       ; 3.938 ;
; SW[8]      ; HEX2[5]     ; 3.984 ;       ;       ; 3.984 ;
; SW[8]      ; HEX2[6]     ; 3.972 ; 3.972 ; 3.972 ; 3.972 ;
; SW[8]      ; LEDR[8]     ; 3.681 ;       ;       ; 3.681 ;
; SW[9]      ; HEX2[0]     ; 3.628 ; 3.628 ; 3.628 ; 3.628 ;
; SW[9]      ; HEX2[1]     ; 3.549 ; 3.549 ; 3.549 ; 3.549 ;
; SW[9]      ; HEX2[2]     ; 3.592 ;       ;       ; 3.592 ;
; SW[9]      ; HEX2[3]     ; 3.578 ; 3.578 ; 3.578 ; 3.578 ;
; SW[9]      ; HEX2[4]     ;       ; 3.660 ; 3.660 ;       ;
; SW[9]      ; HEX2[5]     ; 3.710 ; 3.710 ; 3.710 ; 3.710 ;
; SW[9]      ; HEX2[6]     ; 3.694 ; 3.694 ; 3.694 ; 3.694 ;
; SW[9]      ; LEDR[9]     ; 3.687 ;       ;       ; 3.687 ;
; SW[10]     ; HEX2[0]     ; 3.880 ; 3.880 ; 3.880 ; 3.880 ;
; SW[10]     ; HEX2[1]     ; 3.801 ;       ;       ; 3.801 ;
; SW[10]     ; HEX2[2]     ; 3.843 ; 3.843 ; 3.843 ; 3.843 ;
; SW[10]     ; HEX2[3]     ; 3.829 ; 3.829 ; 3.829 ; 3.829 ;
; SW[10]     ; HEX2[4]     ; 3.911 ; 3.911 ; 3.911 ; 3.911 ;
; SW[10]     ; HEX2[5]     ; 3.961 ; 3.961 ; 3.961 ; 3.961 ;
; SW[10]     ; HEX2[6]     ; 3.946 ; 3.946 ; 3.946 ; 3.946 ;
; SW[10]     ; LEDR[10]    ; 3.115 ;       ;       ; 3.115 ;
; SW[11]     ; HEX2[0]     ; 3.707 ; 3.707 ; 3.707 ; 3.707 ;
; SW[11]     ; HEX2[1]     ; 3.624 ; 3.624 ; 3.624 ; 3.624 ;
; SW[11]     ; HEX2[2]     ; 3.662 ; 3.662 ; 3.662 ; 3.662 ;
; SW[11]     ; HEX2[3]     ; 3.647 ; 3.647 ; 3.647 ; 3.647 ;
; SW[11]     ; HEX2[4]     ;       ; 3.720 ; 3.720 ;       ;
; SW[11]     ; HEX2[5]     ; 3.770 ; 3.770 ; 3.770 ; 3.770 ;
; SW[11]     ; HEX2[6]     ; 3.769 ; 3.769 ; 3.769 ; 3.769 ;
; SW[11]     ; LEDR[11]    ; 3.101 ;       ;       ; 3.101 ;
; SW[12]     ; HEX3[0]     ; 3.686 ; 3.686 ; 3.686 ; 3.686 ;
; SW[12]     ; HEX3[1]     ; 3.651 ; 3.651 ; 3.651 ; 3.651 ;
; SW[12]     ; HEX3[2]     ;       ; 3.645 ; 3.645 ;       ;
; SW[12]     ; HEX3[3]     ; 3.624 ; 3.624 ; 3.624 ; 3.624 ;
; SW[12]     ; HEX3[4]     ; 3.640 ;       ;       ; 3.640 ;
; SW[12]     ; HEX3[5]     ; 3.712 ;       ;       ; 3.712 ;
; SW[12]     ; HEX3[6]     ; 3.731 ; 3.731 ; 3.731 ; 3.731 ;
; SW[12]     ; LEDR[12]    ; 3.208 ;       ;       ; 3.208 ;
; SW[13]     ; HEX3[0]     ; 5.906 ; 5.906 ; 5.906 ; 5.906 ;
; SW[13]     ; HEX3[1]     ; 5.875 ; 5.875 ; 5.875 ; 5.875 ;
; SW[13]     ; HEX3[2]     ; 5.869 ;       ;       ; 5.869 ;
; SW[13]     ; HEX3[3]     ; 5.845 ; 5.845 ; 5.845 ; 5.845 ;
; SW[13]     ; HEX3[4]     ;       ; 5.859 ; 5.859 ;       ;
; SW[13]     ; HEX3[5]     ; 5.934 ; 5.934 ; 5.934 ; 5.934 ;
; SW[13]     ; HEX3[6]     ; 5.951 ; 5.951 ; 5.951 ; 5.951 ;
; SW[13]     ; LEDR[13]    ; 5.592 ;       ;       ; 5.592 ;
; SW[14]     ; HEX3[0]     ; 5.950 ; 5.950 ; 5.950 ; 5.950 ;
; SW[14]     ; HEX3[1]     ; 5.919 ;       ;       ; 5.919 ;
; SW[14]     ; HEX3[2]     ; 5.921 ; 5.921 ; 5.921 ; 5.921 ;
; SW[14]     ; HEX3[3]     ; 5.892 ; 5.892 ; 5.892 ; 5.892 ;
; SW[14]     ; HEX3[4]     ; 5.915 ; 5.915 ; 5.915 ; 5.915 ;
; SW[14]     ; HEX3[5]     ; 5.992 ; 5.992 ; 5.992 ; 5.992 ;
; SW[14]     ; HEX3[6]     ; 5.999 ; 5.999 ; 5.999 ; 5.999 ;
; SW[14]     ; LEDR[14]    ; 5.609 ;       ;       ; 5.609 ;
; SW[15]     ; HEX3[0]     ; 5.798 ; 5.798 ; 5.798 ; 5.798 ;
; SW[15]     ; HEX3[1]     ; 5.767 ; 5.767 ; 5.767 ; 5.767 ;
; SW[15]     ; HEX3[2]     ; 5.767 ; 5.767 ; 5.767 ; 5.767 ;
; SW[15]     ; HEX3[3]     ; 5.744 ; 5.744 ; 5.744 ; 5.744 ;
; SW[15]     ; HEX3[4]     ;       ; 5.768 ; 5.768 ;       ;
; SW[15]     ; HEX3[5]     ; 5.838 ; 5.838 ; 5.838 ; 5.838 ;
; SW[15]     ; HEX3[6]     ; 5.847 ; 5.847 ; 5.847 ; 5.847 ;
; SW[15]     ; LEDR[15]    ; 5.593 ;       ;       ; 5.593 ;
; SW[16]     ; HEX4[0]     ; 5.192 ;       ;       ; 5.192 ;
; SW[16]     ; HEX4[2]     ;       ; 5.222 ; 5.222 ;       ;
; SW[16]     ; HEX4[3]     ; 5.108 ;       ;       ; 5.108 ;
; SW[16]     ; HEX4[4]     ; 4.787 ;       ;       ; 4.787 ;
; SW[16]     ; HEX4[5]     ; 5.095 ;       ;       ; 5.095 ;
; SW[16]     ; LEDR[16]    ; 5.518 ;       ;       ; 5.518 ;
; SW[17]     ; HEX4[0]     ;       ; 5.112 ; 5.112 ;       ;
; SW[17]     ; HEX4[2]     ; 5.170 ;       ;       ; 5.170 ;
; SW[17]     ; HEX4[3]     ;       ; 5.028 ; 5.028 ;       ;
; SW[17]     ; HEX4[5]     ; 5.043 ;       ;       ; 5.043 ;
; SW[17]     ; HEX4[6]     ;       ; 4.795 ; 4.795 ;       ;
; SW[17]     ; LEDR[17]    ; 5.508 ;       ;       ; 5.508 ;
+------------+-------------+-------+-------+-------+-------+


+----------------------------------------------------------+
; Minimum Propagation Delay                                ;
+------------+-------------+-------+-------+-------+-------+
; Input Port ; Output Port ; RR    ; RF    ; FR    ; FF    ;
+------------+-------------+-------+-------+-------+-------+
; SW[0]      ; HEX0[0]     ; 3.850 ; 3.850 ; 3.850 ; 3.850 ;
; SW[0]      ; HEX0[1]     ; 3.822 ; 3.822 ; 3.822 ; 3.822 ;
; SW[0]      ; HEX0[2]     ;       ; 3.827 ; 3.827 ;       ;
; SW[0]      ; HEX0[3]     ; 3.733 ; 3.733 ; 3.733 ; 3.733 ;
; SW[0]      ; HEX0[4]     ; 3.727 ;       ;       ; 3.727 ;
; SW[0]      ; HEX0[5]     ; 3.725 ;       ;       ; 3.725 ;
; SW[0]      ; HEX0[6]     ; 3.724 ; 3.724 ; 3.724 ; 3.724 ;
; SW[0]      ; LEDR[0]     ; 3.523 ;       ;       ; 3.523 ;
; SW[1]      ; HEX0[0]     ; 3.941 ; 3.941 ; 3.941 ; 3.941 ;
; SW[1]      ; HEX0[1]     ; 3.910 ; 3.910 ; 3.910 ; 3.910 ;
; SW[1]      ; HEX0[2]     ; 3.922 ;       ;       ; 3.922 ;
; SW[1]      ; HEX0[3]     ; 3.824 ; 3.824 ; 3.824 ; 3.824 ;
; SW[1]      ; HEX0[4]     ;       ; 3.824 ; 3.824 ;       ;
; SW[1]      ; HEX0[5]     ; 3.816 ; 3.816 ; 3.816 ; 3.816 ;
; SW[1]      ; HEX0[6]     ; 3.812 ; 3.812 ; 3.812 ; 3.812 ;
; SW[1]      ; LEDR[1]     ; 3.236 ;       ;       ; 3.236 ;
; SW[2]      ; HEX0[0]     ; 3.647 ; 3.647 ; 3.647 ; 3.647 ;
; SW[2]      ; HEX0[1]     ; 3.619 ;       ;       ; 3.619 ;
; SW[2]      ; HEX0[2]     ; 3.623 ; 3.623 ; 3.623 ; 3.623 ;
; SW[2]      ; HEX0[3]     ; 3.530 ; 3.530 ; 3.530 ; 3.530 ;
; SW[2]      ; HEX0[4]     ; 3.526 ; 3.526 ; 3.526 ; 3.526 ;
; SW[2]      ; HEX0[5]     ; 3.514 ; 3.514 ; 3.514 ; 3.514 ;
; SW[2]      ; HEX0[6]     ; 3.520 ; 3.520 ; 3.520 ; 3.520 ;
; SW[2]      ; LEDR[2]     ; 2.794 ;       ;       ; 2.794 ;
; SW[3]      ; HEX0[0]     ; 3.208 ; 3.208 ; 3.208 ; 3.208 ;
; SW[3]      ; HEX0[1]     ; 3.180 ; 3.180 ; 3.180 ; 3.180 ;
; SW[3]      ; HEX0[2]     ; 3.191 ; 3.191 ; 3.191 ; 3.191 ;
; SW[3]      ; HEX0[3]     ; 3.091 ; 3.091 ; 3.091 ; 3.091 ;
; SW[3]      ; HEX0[4]     ;       ; 3.090 ; 3.090 ;       ;
; SW[3]      ; HEX0[5]     ; 3.079 ; 3.079 ; 3.079 ; 3.079 ;
; SW[3]      ; HEX0[6]     ; 3.082 ; 3.082 ; 3.082 ; 3.082 ;
; SW[3]      ; LEDR[3]     ; 2.908 ;       ;       ; 2.908 ;
; SW[4]      ; HEX1[0]     ; 3.433 ; 3.433 ; 3.433 ; 3.433 ;
; SW[4]      ; HEX1[1]     ; 3.508 ; 3.508 ; 3.508 ; 3.508 ;
; SW[4]      ; HEX1[2]     ;       ; 3.254 ; 3.254 ;       ;
; SW[4]      ; HEX1[3]     ; 3.230 ; 3.230 ; 3.230 ; 3.230 ;
; SW[4]      ; HEX1[4]     ; 3.276 ;       ;       ; 3.276 ;
; SW[4]      ; HEX1[5]     ; 3.373 ;       ;       ; 3.373 ;
; SW[4]      ; HEX1[6]     ; 3.408 ; 3.408 ; 3.408 ; 3.408 ;
; SW[4]      ; LEDR[4]     ; 2.856 ;       ;       ; 2.856 ;
; SW[5]      ; HEX1[0]     ; 3.392 ; 3.392 ; 3.392 ; 3.392 ;
; SW[5]      ; HEX1[1]     ; 3.465 ; 3.465 ; 3.465 ; 3.465 ;
; SW[5]      ; HEX1[2]     ; 3.211 ;       ;       ; 3.211 ;
; SW[5]      ; HEX1[3]     ; 3.186 ; 3.186 ; 3.186 ; 3.186 ;
; SW[5]      ; HEX1[4]     ;       ; 3.223 ; 3.223 ;       ;
; SW[5]      ; HEX1[5]     ; 3.312 ; 3.312 ; 3.312 ; 3.312 ;
; SW[5]      ; HEX1[6]     ; 3.367 ; 3.367 ; 3.367 ; 3.367 ;
; SW[5]      ; LEDR[5]     ; 2.926 ;       ;       ; 2.926 ;
; SW[6]      ; HEX1[0]     ; 3.256 ; 3.256 ; 3.256 ; 3.256 ;
; SW[6]      ; HEX1[1]     ; 3.333 ;       ;       ; 3.333 ;
; SW[6]      ; HEX1[2]     ; 3.079 ; 3.079 ; 3.079 ; 3.079 ;
; SW[6]      ; HEX1[3]     ; 3.055 ; 3.055 ; 3.055 ; 3.055 ;
; SW[6]      ; HEX1[4]     ; 3.101 ; 3.101 ; 3.101 ; 3.101 ;
; SW[6]      ; HEX1[5]     ; 3.191 ; 3.191 ; 3.191 ; 3.191 ;
; SW[6]      ; HEX1[6]     ; 3.231 ; 3.231 ; 3.231 ; 3.231 ;
; SW[6]      ; LEDR[6]     ; 2.946 ;       ;       ; 2.946 ;
; SW[7]      ; HEX1[0]     ; 4.017 ; 4.017 ; 4.017 ; 4.017 ;
; SW[7]      ; HEX1[1]     ; 4.095 ; 4.095 ; 4.095 ; 4.095 ;
; SW[7]      ; HEX1[2]     ; 3.846 ; 3.846 ; 3.846 ; 3.846 ;
; SW[7]      ; HEX1[3]     ; 3.817 ; 3.817 ; 3.817 ; 3.817 ;
; SW[7]      ; HEX1[4]     ;       ; 3.863 ; 3.863 ;       ;
; SW[7]      ; HEX1[5]     ; 3.956 ; 3.956 ; 3.956 ; 3.956 ;
; SW[7]      ; HEX1[6]     ; 3.993 ; 3.993 ; 3.993 ; 3.993 ;
; SW[7]      ; LEDR[7]     ; 3.449 ;       ;       ; 3.449 ;
; SW[8]      ; HEX2[0]     ; 3.912 ; 3.912 ; 3.912 ; 3.912 ;
; SW[8]      ; HEX2[1]     ; 3.831 ; 3.831 ; 3.831 ; 3.831 ;
; SW[8]      ; HEX2[2]     ;       ; 3.868 ; 3.868 ;       ;
; SW[8]      ; HEX2[3]     ; 3.854 ; 3.854 ; 3.854 ; 3.854 ;
; SW[8]      ; HEX2[4]     ; 3.938 ;       ;       ; 3.938 ;
; SW[8]      ; HEX2[5]     ; 3.984 ;       ;       ; 3.984 ;
; SW[8]      ; HEX2[6]     ; 3.972 ; 3.972 ; 3.972 ; 3.972 ;
; SW[8]      ; LEDR[8]     ; 3.681 ;       ;       ; 3.681 ;
; SW[9]      ; HEX2[0]     ; 3.628 ; 3.628 ; 3.628 ; 3.628 ;
; SW[9]      ; HEX2[1]     ; 3.549 ; 3.549 ; 3.549 ; 3.549 ;
; SW[9]      ; HEX2[2]     ; 3.592 ;       ;       ; 3.592 ;
; SW[9]      ; HEX2[3]     ; 3.578 ; 3.578 ; 3.578 ; 3.578 ;
; SW[9]      ; HEX2[4]     ;       ; 3.660 ; 3.660 ;       ;
; SW[9]      ; HEX2[5]     ; 3.710 ; 3.710 ; 3.710 ; 3.710 ;
; SW[9]      ; HEX2[6]     ; 3.694 ; 3.694 ; 3.694 ; 3.694 ;
; SW[9]      ; LEDR[9]     ; 3.687 ;       ;       ; 3.687 ;
; SW[10]     ; HEX2[0]     ; 3.880 ; 3.880 ; 3.880 ; 3.880 ;
; SW[10]     ; HEX2[1]     ; 3.801 ;       ;       ; 3.801 ;
; SW[10]     ; HEX2[2]     ; 3.843 ; 3.843 ; 3.843 ; 3.843 ;
; SW[10]     ; HEX2[3]     ; 3.829 ; 3.829 ; 3.829 ; 3.829 ;
; SW[10]     ; HEX2[4]     ; 3.911 ; 3.911 ; 3.911 ; 3.911 ;
; SW[10]     ; HEX2[5]     ; 3.961 ; 3.961 ; 3.961 ; 3.961 ;
; SW[10]     ; HEX2[6]     ; 3.946 ; 3.946 ; 3.946 ; 3.946 ;
; SW[10]     ; LEDR[10]    ; 3.115 ;       ;       ; 3.115 ;
; SW[11]     ; HEX2[0]     ; 3.707 ; 3.707 ; 3.707 ; 3.707 ;
; SW[11]     ; HEX2[1]     ; 3.624 ; 3.624 ; 3.624 ; 3.624 ;
; SW[11]     ; HEX2[2]     ; 3.662 ; 3.662 ; 3.662 ; 3.662 ;
; SW[11]     ; HEX2[3]     ; 3.647 ; 3.647 ; 3.647 ; 3.647 ;
; SW[11]     ; HEX2[4]     ;       ; 3.720 ; 3.720 ;       ;
; SW[11]     ; HEX2[5]     ; 3.770 ; 3.770 ; 3.770 ; 3.770 ;
; SW[11]     ; HEX2[6]     ; 3.769 ; 3.769 ; 3.769 ; 3.769 ;
; SW[11]     ; LEDR[11]    ; 3.101 ;       ;       ; 3.101 ;
; SW[12]     ; HEX3[0]     ; 3.686 ; 3.686 ; 3.686 ; 3.686 ;
; SW[12]     ; HEX3[1]     ; 3.651 ; 3.651 ; 3.651 ; 3.651 ;
; SW[12]     ; HEX3[2]     ;       ; 3.645 ; 3.645 ;       ;
; SW[12]     ; HEX3[3]     ; 3.624 ; 3.624 ; 3.624 ; 3.624 ;
; SW[12]     ; HEX3[4]     ; 3.640 ;       ;       ; 3.640 ;
; SW[12]     ; HEX3[5]     ; 3.712 ;       ;       ; 3.712 ;
; SW[12]     ; HEX3[6]     ; 3.731 ; 3.731 ; 3.731 ; 3.731 ;
; SW[12]     ; LEDR[12]    ; 3.208 ;       ;       ; 3.208 ;
; SW[13]     ; HEX3[0]     ; 5.906 ; 5.906 ; 5.906 ; 5.906 ;
; SW[13]     ; HEX3[1]     ; 5.875 ; 5.875 ; 5.875 ; 5.875 ;
; SW[13]     ; HEX3[2]     ; 5.869 ;       ;       ; 5.869 ;
; SW[13]     ; HEX3[3]     ; 5.845 ; 5.845 ; 5.845 ; 5.845 ;
; SW[13]     ; HEX3[4]     ;       ; 5.859 ; 5.859 ;       ;
; SW[13]     ; HEX3[5]     ; 5.934 ; 5.934 ; 5.934 ; 5.934 ;
; SW[13]     ; HEX3[6]     ; 5.951 ; 5.951 ; 5.951 ; 5.951 ;
; SW[13]     ; LEDR[13]    ; 5.592 ;       ;       ; 5.592 ;
; SW[14]     ; HEX3[0]     ; 5.950 ; 5.950 ; 5.950 ; 5.950 ;
; SW[14]     ; HEX3[1]     ; 5.919 ;       ;       ; 5.919 ;
; SW[14]     ; HEX3[2]     ; 5.921 ; 5.921 ; 5.921 ; 5.921 ;
; SW[14]     ; HEX3[3]     ; 5.892 ; 5.892 ; 5.892 ; 5.892 ;
; SW[14]     ; HEX3[4]     ; 5.915 ; 5.915 ; 5.915 ; 5.915 ;
; SW[14]     ; HEX3[5]     ; 5.992 ; 5.992 ; 5.992 ; 5.992 ;
; SW[14]     ; HEX3[6]     ; 5.999 ; 5.999 ; 5.999 ; 5.999 ;
; SW[14]     ; LEDR[14]    ; 5.609 ;       ;       ; 5.609 ;
; SW[15]     ; HEX3[0]     ; 5.798 ; 5.798 ; 5.798 ; 5.798 ;
; SW[15]     ; HEX3[1]     ; 5.767 ; 5.767 ; 5.767 ; 5.767 ;
; SW[15]     ; HEX3[2]     ; 5.767 ; 5.767 ; 5.767 ; 5.767 ;
; SW[15]     ; HEX3[3]     ; 5.744 ; 5.744 ; 5.744 ; 5.744 ;
; SW[15]     ; HEX3[4]     ;       ; 5.768 ; 5.768 ;       ;
; SW[15]     ; HEX3[5]     ; 5.838 ; 5.838 ; 5.838 ; 5.838 ;
; SW[15]     ; HEX3[6]     ; 5.847 ; 5.847 ; 5.847 ; 5.847 ;
; SW[15]     ; LEDR[15]    ; 5.593 ;       ;       ; 5.593 ;
; SW[16]     ; HEX4[0]     ; 5.192 ;       ;       ; 5.192 ;
; SW[16]     ; HEX4[2]     ;       ; 5.222 ; 5.222 ;       ;
; SW[16]     ; HEX4[3]     ; 5.108 ;       ;       ; 5.108 ;
; SW[16]     ; HEX4[4]     ; 4.787 ;       ;       ; 4.787 ;
; SW[16]     ; HEX4[5]     ; 5.095 ;       ;       ; 5.095 ;
; SW[16]     ; LEDR[16]    ; 5.518 ;       ;       ; 5.518 ;
; SW[17]     ; HEX4[0]     ;       ; 5.112 ; 5.112 ;       ;
; SW[17]     ; HEX4[2]     ; 5.170 ;       ;       ; 5.170 ;
; SW[17]     ; HEX4[3]     ;       ; 5.028 ; 5.028 ;       ;
; SW[17]     ; HEX4[5]     ; 5.043 ;       ;       ; 5.043 ;
; SW[17]     ; HEX4[6]     ;       ; 4.795 ; 4.795 ;       ;
; SW[17]     ; LEDR[17]    ; 5.508 ;       ;       ; 5.508 ;
+------------+-------------+-------+-------+-------+-------+


+----------------------------------------------------------------------------+
; Multicorner Timing Analysis Summary                                        ;
+------------------+-------+------+----------+---------+---------------------+
; Clock            ; Setup ; Hold ; Recovery ; Removal ; Minimum Pulse Width ;
+------------------+-------+------+----------+---------+---------------------+
; Worst-case Slack ; N/A   ; N/A  ; N/A      ; N/A     ; N/A                 ;
; Design-wide TNS  ; 0.0   ; 0.0  ; 0.0      ; 0.0     ; 0.0                 ;
+------------------+-------+------+----------+---------+---------------------+


+--------------------------------------------------------------+
; Progagation Delay                                            ;
+------------+-------------+--------+--------+--------+--------+
; Input Port ; Output Port ; RR     ; RF     ; FR     ; FF     ;
+------------+-------------+--------+--------+--------+--------+
; SW[0]      ; HEX0[0]     ; 7.377  ; 7.377  ; 7.377  ; 7.377  ;
; SW[0]      ; HEX0[1]     ; 7.346  ; 7.346  ; 7.346  ; 7.346  ;
; SW[0]      ; HEX0[2]     ;        ; 7.325  ; 7.325  ;        ;
; SW[0]      ; HEX0[3]     ; 7.128  ; 7.128  ; 7.128  ; 7.128  ;
; SW[0]      ; HEX0[4]     ; 7.121  ;        ;        ; 7.121  ;
; SW[0]      ; HEX0[5]     ; 7.113  ;        ;        ; 7.113  ;
; SW[0]      ; HEX0[6]     ; 7.118  ; 7.118  ; 7.118  ; 7.118  ;
; SW[0]      ; LEDR[0]     ; 6.503  ;        ;        ; 6.503  ;
; SW[1]      ; HEX0[0]     ; 7.512  ; 7.512  ; 7.512  ; 7.512  ;
; SW[1]      ; HEX0[1]     ; 7.478  ; 7.478  ; 7.478  ; 7.478  ;
; SW[1]      ; HEX0[2]     ; 7.488  ;        ;        ; 7.488  ;
; SW[1]      ; HEX0[3]     ; 7.259  ; 7.259  ; 7.259  ; 7.259  ;
; SW[1]      ; HEX0[4]     ;        ; 7.264  ; 7.264  ;        ;
; SW[1]      ; HEX0[5]     ; 7.252  ; 7.252  ; 7.252  ; 7.252  ;
; SW[1]      ; HEX0[6]     ; 7.251  ; 7.251  ; 7.251  ; 7.251  ;
; SW[1]      ; LEDR[1]     ; 5.976  ;        ;        ; 5.976  ;
; SW[2]      ; HEX0[0]     ; 6.881  ; 6.881  ; 6.881  ; 6.881  ;
; SW[2]      ; HEX0[1]     ; 6.852  ;        ;        ; 6.852  ;
; SW[2]      ; HEX0[2]     ; 6.857  ; 6.857  ; 6.857  ; 6.857  ;
; SW[2]      ; HEX0[3]     ; 6.632  ; 6.632  ; 6.632  ; 6.632  ;
; SW[2]      ; HEX0[4]     ; 6.629  ; 6.629  ; 6.629  ; 6.629  ;
; SW[2]      ; HEX0[5]     ; 6.617  ; 6.617  ; 6.617  ; 6.617  ;
; SW[2]      ; HEX0[6]     ; 6.624  ; 6.624  ; 6.624  ; 6.624  ;
; SW[2]      ; LEDR[2]     ; 5.135  ;        ;        ; 5.135  ;
; SW[3]      ; HEX0[0]     ; 6.172  ; 6.172  ; 6.172  ; 6.172  ;
; SW[3]      ; HEX0[1]     ; 6.142  ; 6.142  ; 6.142  ; 6.142  ;
; SW[3]      ; HEX0[2]     ; 6.149  ; 6.149  ; 6.149  ; 6.149  ;
; SW[3]      ; HEX0[3]     ; 5.922  ; 5.922  ; 5.922  ; 5.922  ;
; SW[3]      ; HEX0[4]     ;        ; 5.922  ; 5.922  ;        ;
; SW[3]      ; HEX0[5]     ; 5.910  ; 5.910  ; 5.910  ; 5.910  ;
; SW[3]      ; HEX0[6]     ; 5.914  ; 5.914  ; 5.914  ; 5.914  ;
; SW[3]      ; LEDR[3]     ; 5.410  ;        ;        ; 5.410  ;
; SW[4]      ; HEX1[0]     ; 6.637  ; 6.637  ; 6.637  ; 6.637  ;
; SW[4]      ; HEX1[1]     ; 6.778  ; 6.778  ; 6.778  ; 6.778  ;
; SW[4]      ; HEX1[2]     ;        ; 6.308  ; 6.308  ;        ;
; SW[4]      ; HEX1[3]     ; 6.294  ; 6.294  ; 6.294  ; 6.294  ;
; SW[4]      ; HEX1[4]     ; 6.358  ;        ;        ; 6.358  ;
; SW[4]      ; HEX1[5]     ; 6.583  ;        ;        ; 6.583  ;
; SW[4]      ; HEX1[6]     ; 6.646  ; 6.646  ; 6.646  ; 6.646  ;
; SW[4]      ; LEDR[4]     ; 5.299  ;        ;        ; 5.299  ;
; SW[5]      ; HEX1[0]     ; 6.515  ; 6.515  ; 6.515  ; 6.515  ;
; SW[5]      ; HEX1[1]     ; 6.655  ; 6.655  ; 6.655  ; 6.655  ;
; SW[5]      ; HEX1[2]     ; 6.210  ;        ;        ; 6.210  ;
; SW[5]      ; HEX1[3]     ; 6.170  ; 6.170  ; 6.170  ; 6.170  ;
; SW[5]      ; HEX1[4]     ;        ; 6.220  ; 6.220  ;        ;
; SW[5]      ; HEX1[5]     ; 6.444  ; 6.444  ; 6.444  ; 6.444  ;
; SW[5]      ; HEX1[6]     ; 6.523  ; 6.523  ; 6.523  ; 6.523  ;
; SW[5]      ; LEDR[5]     ; 5.437  ;        ;        ; 5.437  ;
; SW[6]      ; HEX1[0]     ; 6.230  ; 6.230  ; 6.230  ; 6.230  ;
; SW[6]      ; HEX1[1]     ; 6.374  ;        ;        ; 6.374  ;
; SW[6]      ; HEX1[2]     ; 5.931  ; 5.931  ; 5.931  ; 5.931  ;
; SW[6]      ; HEX1[3]     ; 5.890  ; 5.890  ; 5.890  ; 5.890  ;
; SW[6]      ; HEX1[4]     ; 5.954  ; 5.954  ; 5.954  ; 5.954  ;
; SW[6]      ; HEX1[5]     ; 6.179  ; 6.179  ; 6.179  ; 6.179  ;
; SW[6]      ; HEX1[6]     ; 6.239  ; 6.239  ; 6.239  ; 6.239  ;
; SW[6]      ; LEDR[6]     ; 5.467  ;        ;        ; 5.467  ;
; SW[7]      ; HEX1[0]     ; 7.650  ; 7.650  ; 7.650  ; 7.650  ;
; SW[7]      ; HEX1[1]     ; 7.797  ; 7.797  ; 7.797  ; 7.797  ;
; SW[7]      ; HEX1[2]     ; 7.328  ; 7.328  ; 7.328  ; 7.328  ;
; SW[7]      ; HEX1[3]     ; 7.313  ; 7.313  ; 7.313  ; 7.313  ;
; SW[7]      ; HEX1[4]     ;        ; 7.378  ; 7.378  ;        ;
; SW[7]      ; HEX1[5]     ; 7.570  ; 7.570  ; 7.570  ; 7.570  ;
; SW[7]      ; HEX1[6]     ; 7.660  ; 7.660  ; 7.660  ; 7.660  ;
; SW[7]      ; LEDR[7]     ; 6.303  ;        ;        ; 6.303  ;
; SW[8]      ; HEX2[0]     ; 7.397  ; 7.397  ; 7.397  ; 7.397  ;
; SW[8]      ; HEX2[1]     ; 7.233  ; 7.233  ; 7.233  ; 7.233  ;
; SW[8]      ; HEX2[2]     ;        ; 7.244  ; 7.244  ;        ;
; SW[8]      ; HEX2[3]     ; 7.235  ; 7.235  ; 7.235  ; 7.235  ;
; SW[8]      ; HEX2[4]     ; 7.437  ;        ;        ; 7.437  ;
; SW[8]      ; HEX2[5]     ; 7.543  ;        ;        ; 7.543  ;
; SW[8]      ; HEX2[6]     ; 7.534  ; 7.534  ; 7.534  ; 7.534  ;
; SW[8]      ; LEDR[8]     ; 6.782  ;        ;        ; 6.782  ;
; SW[9]      ; HEX2[0]     ; 6.902  ; 6.902  ; 6.902  ; 6.902  ;
; SW[9]      ; HEX2[1]     ; 6.738  ; 6.738  ; 6.738  ; 6.738  ;
; SW[9]      ; HEX2[2]     ; 6.781  ;        ;        ; 6.781  ;
; SW[9]      ; HEX2[3]     ; 6.749  ; 6.749  ; 6.749  ; 6.749  ;
; SW[9]      ; HEX2[4]     ;        ; 6.946  ; 6.946  ;        ;
; SW[9]      ; HEX2[5]     ; 7.054  ; 7.054  ; 7.054  ; 7.054  ;
; SW[9]      ; HEX2[6]     ; 7.038  ; 7.038  ; 7.038  ; 7.038  ;
; SW[9]      ; LEDR[9]     ; 6.766  ;        ;        ; 6.766  ;
; SW[10]     ; HEX2[0]     ; 7.473  ; 7.473  ; 7.473  ; 7.473  ;
; SW[10]     ; HEX2[1]     ; 7.309  ;        ;        ; 7.309  ;
; SW[10]     ; HEX2[2]     ; 7.351  ; 7.351  ; 7.351  ; 7.351  ;
; SW[10]     ; HEX2[3]     ; 7.319  ; 7.319  ; 7.319  ; 7.319  ;
; SW[10]     ; HEX2[4]     ; 7.516  ; 7.516  ; 7.516  ; 7.516  ;
; SW[10]     ; HEX2[5]     ; 7.622  ; 7.622  ; 7.622  ; 7.622  ;
; SW[10]     ; HEX2[6]     ; 7.609  ; 7.609  ; 7.609  ; 7.609  ;
; SW[10]     ; LEDR[10]    ; 5.713  ;        ;        ; 5.713  ;
; SW[11]     ; HEX2[0]     ; 7.077  ; 7.077  ; 7.077  ; 7.077  ;
; SW[11]     ; HEX2[1]     ; 6.912  ; 6.912  ; 6.912  ; 6.912  ;
; SW[11]     ; HEX2[2]     ; 6.951  ; 6.951  ; 6.951  ; 6.951  ;
; SW[11]     ; HEX2[3]     ; 6.917  ; 6.917  ; 6.917  ; 6.917  ;
; SW[11]     ; HEX2[4]     ;        ; 7.106  ; 7.106  ;        ;
; SW[11]     ; HEX2[5]     ; 7.213  ; 7.213  ; 7.213  ; 7.213  ;
; SW[11]     ; HEX2[6]     ; 7.209  ; 7.209  ; 7.209  ; 7.209  ;
; SW[11]     ; LEDR[11]    ; 5.690  ;        ;        ; 5.690  ;
; SW[12]     ; HEX3[0]     ; 7.054  ; 7.054  ; 7.054  ; 7.054  ;
; SW[12]     ; HEX3[1]     ; 6.934  ; 6.934  ; 6.934  ; 6.934  ;
; SW[12]     ; HEX3[2]     ;        ; 6.929  ; 6.929  ;        ;
; SW[12]     ; HEX3[3]     ; 6.889  ; 6.889  ; 6.889  ; 6.889  ;
; SW[12]     ; HEX3[4]     ; 6.920  ;        ;        ; 6.920  ;
; SW[12]     ; HEX3[5]     ; 7.127  ;        ;        ; 7.127  ;
; SW[12]     ; HEX3[6]     ; 7.146  ; 7.146  ; 7.146  ; 7.146  ;
; SW[12]     ; LEDR[12]    ; 5.923  ;        ;        ; 5.923  ;
; SW[13]     ; HEX3[0]     ; 10.626 ; 10.626 ; 10.626 ; 10.626 ;
; SW[13]     ; HEX3[1]     ; 10.537 ; 10.537 ; 10.537 ; 10.537 ;
; SW[13]     ; HEX3[2]     ; 10.529 ;        ;        ; 10.529 ;
; SW[13]     ; HEX3[3]     ; 10.491 ; 10.491 ; 10.491 ; 10.491 ;
; SW[13]     ; HEX3[4]     ;        ; 10.522 ; 10.522 ;        ;
; SW[13]     ; HEX3[5]     ; 10.730 ; 10.730 ; 10.730 ; 10.730 ;
; SW[13]     ; HEX3[6]     ; 10.753 ; 10.753 ; 10.753 ; 10.753 ;
; SW[13]     ; LEDR[13]    ; 9.826  ;        ;        ; 9.826  ;
; SW[14]     ; HEX3[0]     ; 10.717 ; 10.717 ; 10.717 ; 10.717 ;
; SW[14]     ; HEX3[1]     ; 10.598 ;        ;        ; 10.598 ;
; SW[14]     ; HEX3[2]     ; 10.565 ; 10.565 ; 10.565 ; 10.565 ;
; SW[14]     ; HEX3[3]     ; 10.552 ; 10.552 ; 10.552 ; 10.552 ;
; SW[14]     ; HEX3[4]     ; 10.592 ; 10.592 ; 10.592 ; 10.592 ;
; SW[14]     ; HEX3[5]     ; 10.797 ; 10.797 ; 10.797 ; 10.797 ;
; SW[14]     ; HEX3[6]     ; 10.814 ; 10.814 ; 10.814 ; 10.814 ;
; SW[14]     ; LEDR[14]    ; 9.854  ;        ;        ; 9.854  ;
; SW[15]     ; HEX3[0]     ; 10.404 ; 10.404 ; 10.404 ; 10.404 ;
; SW[15]     ; HEX3[1]     ; 10.284 ; 10.284 ; 10.284 ; 10.284 ;
; SW[15]     ; HEX3[2]     ; 10.287 ; 10.287 ; 10.287 ; 10.287 ;
; SW[15]     ; HEX3[3]     ; 10.240 ; 10.240 ; 10.240 ; 10.240 ;
; SW[15]     ; HEX3[4]     ;        ; 10.284 ; 10.284 ;        ;
; SW[15]     ; HEX3[5]     ; 10.490 ; 10.490 ; 10.490 ; 10.490 ;
; SW[15]     ; HEX3[6]     ; 10.500 ; 10.500 ; 10.500 ; 10.500 ;
; SW[15]     ; LEDR[15]    ; 9.828  ;        ;        ; 9.828  ;
; SW[16]     ; HEX4[0]     ; 9.213  ;        ;        ; 9.213  ;
; SW[16]     ; HEX4[2]     ;        ; 9.333  ; 9.333  ;        ;
; SW[16]     ; HEX4[3]     ; 9.042  ;        ;        ; 9.042  ;
; SW[16]     ; HEX4[4]     ; 8.328  ;        ;        ; 8.328  ;
; SW[16]     ; HEX4[5]     ; 9.015  ;        ;        ; 9.015  ;
; SW[16]     ; LEDR[16]    ; 9.619  ;        ;        ; 9.619  ;
; SW[17]     ; HEX4[0]     ;        ; 9.085  ; 9.085  ;        ;
; SW[17]     ; HEX4[2]     ; 9.204  ;        ;        ; 9.204  ;
; SW[17]     ; HEX4[3]     ;        ; 8.914  ; 8.914  ;        ;
; SW[17]     ; HEX4[5]     ; 8.919  ;        ;        ; 8.919  ;
; SW[17]     ; HEX4[6]     ;        ; 8.336  ; 8.336  ;        ;
; SW[17]     ; LEDR[17]    ; 9.597  ;        ;        ; 9.597  ;
+------------+-------------+--------+--------+--------+--------+


+----------------------------------------------------------+
; Minimum Progagation Delay                                ;
+------------+-------------+-------+-------+-------+-------+
; Input Port ; Output Port ; RR    ; RF    ; FR    ; FF    ;
+------------+-------------+-------+-------+-------+-------+
; SW[0]      ; HEX0[0]     ; 3.850 ; 3.850 ; 3.850 ; 3.850 ;
; SW[0]      ; HEX0[1]     ; 3.822 ; 3.822 ; 3.822 ; 3.822 ;
; SW[0]      ; HEX0[2]     ;       ; 3.827 ; 3.827 ;       ;
; SW[0]      ; HEX0[3]     ; 3.733 ; 3.733 ; 3.733 ; 3.733 ;
; SW[0]      ; HEX0[4]     ; 3.727 ;       ;       ; 3.727 ;
; SW[0]      ; HEX0[5]     ; 3.725 ;       ;       ; 3.725 ;
; SW[0]      ; HEX0[6]     ; 3.724 ; 3.724 ; 3.724 ; 3.724 ;
; SW[0]      ; LEDR[0]     ; 3.523 ;       ;       ; 3.523 ;
; SW[1]      ; HEX0[0]     ; 3.941 ; 3.941 ; 3.941 ; 3.941 ;
; SW[1]      ; HEX0[1]     ; 3.910 ; 3.910 ; 3.910 ; 3.910 ;
; SW[1]      ; HEX0[2]     ; 3.922 ;       ;       ; 3.922 ;
; SW[1]      ; HEX0[3]     ; 3.824 ; 3.824 ; 3.824 ; 3.824 ;
; SW[1]      ; HEX0[4]     ;       ; 3.824 ; 3.824 ;       ;
; SW[1]      ; HEX0[5]     ; 3.816 ; 3.816 ; 3.816 ; 3.816 ;
; SW[1]      ; HEX0[6]     ; 3.812 ; 3.812 ; 3.812 ; 3.812 ;
; SW[1]      ; LEDR[1]     ; 3.236 ;       ;       ; 3.236 ;
; SW[2]      ; HEX0[0]     ; 3.647 ; 3.647 ; 3.647 ; 3.647 ;
; SW[2]      ; HEX0[1]     ; 3.619 ;       ;       ; 3.619 ;
; SW[2]      ; HEX0[2]     ; 3.623 ; 3.623 ; 3.623 ; 3.623 ;
; SW[2]      ; HEX0[3]     ; 3.530 ; 3.530 ; 3.530 ; 3.530 ;
; SW[2]      ; HEX0[4]     ; 3.526 ; 3.526 ; 3.526 ; 3.526 ;
; SW[2]      ; HEX0[5]     ; 3.514 ; 3.514 ; 3.514 ; 3.514 ;
; SW[2]      ; HEX0[6]     ; 3.520 ; 3.520 ; 3.520 ; 3.520 ;
; SW[2]      ; LEDR[2]     ; 2.794 ;       ;       ; 2.794 ;
; SW[3]      ; HEX0[0]     ; 3.208 ; 3.208 ; 3.208 ; 3.208 ;
; SW[3]      ; HEX0[1]     ; 3.180 ; 3.180 ; 3.180 ; 3.180 ;
; SW[3]      ; HEX0[2]     ; 3.191 ; 3.191 ; 3.191 ; 3.191 ;
; SW[3]      ; HEX0[3]     ; 3.091 ; 3.091 ; 3.091 ; 3.091 ;
; SW[3]      ; HEX0[4]     ;       ; 3.090 ; 3.090 ;       ;
; SW[3]      ; HEX0[5]     ; 3.079 ; 3.079 ; 3.079 ; 3.079 ;
; SW[3]      ; HEX0[6]     ; 3.082 ; 3.082 ; 3.082 ; 3.082 ;
; SW[3]      ; LEDR[3]     ; 2.908 ;       ;       ; 2.908 ;
; SW[4]      ; HEX1[0]     ; 3.433 ; 3.433 ; 3.433 ; 3.433 ;
; SW[4]      ; HEX1[1]     ; 3.508 ; 3.508 ; 3.508 ; 3.508 ;
; SW[4]      ; HEX1[2]     ;       ; 3.254 ; 3.254 ;       ;
; SW[4]      ; HEX1[3]     ; 3.230 ; 3.230 ; 3.230 ; 3.230 ;
; SW[4]      ; HEX1[4]     ; 3.276 ;       ;       ; 3.276 ;
; SW[4]      ; HEX1[5]     ; 3.373 ;       ;       ; 3.373 ;
; SW[4]      ; HEX1[6]     ; 3.408 ; 3.408 ; 3.408 ; 3.408 ;
; SW[4]      ; LEDR[4]     ; 2.856 ;       ;       ; 2.856 ;
; SW[5]      ; HEX1[0]     ; 3.392 ; 3.392 ; 3.392 ; 3.392 ;
; SW[5]      ; HEX1[1]     ; 3.465 ; 3.465 ; 3.465 ; 3.465 ;
; SW[5]      ; HEX1[2]     ; 3.211 ;       ;       ; 3.211 ;
; SW[5]      ; HEX1[3]     ; 3.186 ; 3.186 ; 3.186 ; 3.186 ;
; SW[5]      ; HEX1[4]     ;       ; 3.223 ; 3.223 ;       ;
; SW[5]      ; HEX1[5]     ; 3.312 ; 3.312 ; 3.312 ; 3.312 ;
; SW[5]      ; HEX1[6]     ; 3.367 ; 3.367 ; 3.367 ; 3.367 ;
; SW[5]      ; LEDR[5]     ; 2.926 ;       ;       ; 2.926 ;
; SW[6]      ; HEX1[0]     ; 3.256 ; 3.256 ; 3.256 ; 3.256 ;
; SW[6]      ; HEX1[1]     ; 3.333 ;       ;       ; 3.333 ;
; SW[6]      ; HEX1[2]     ; 3.079 ; 3.079 ; 3.079 ; 3.079 ;
; SW[6]      ; HEX1[3]     ; 3.055 ; 3.055 ; 3.055 ; 3.055 ;
; SW[6]      ; HEX1[4]     ; 3.101 ; 3.101 ; 3.101 ; 3.101 ;
; SW[6]      ; HEX1[5]     ; 3.191 ; 3.191 ; 3.191 ; 3.191 ;
; SW[6]      ; HEX1[6]     ; 3.231 ; 3.231 ; 3.231 ; 3.231 ;
; SW[6]      ; LEDR[6]     ; 2.946 ;       ;       ; 2.946 ;
; SW[7]      ; HEX1[0]     ; 4.017 ; 4.017 ; 4.017 ; 4.017 ;
; SW[7]      ; HEX1[1]     ; 4.095 ; 4.095 ; 4.095 ; 4.095 ;
; SW[7]      ; HEX1[2]     ; 3.846 ; 3.846 ; 3.846 ; 3.846 ;
; SW[7]      ; HEX1[3]     ; 3.817 ; 3.817 ; 3.817 ; 3.817 ;
; SW[7]      ; HEX1[4]     ;       ; 3.863 ; 3.863 ;       ;
; SW[7]      ; HEX1[5]     ; 3.956 ; 3.956 ; 3.956 ; 3.956 ;
; SW[7]      ; HEX1[6]     ; 3.993 ; 3.993 ; 3.993 ; 3.993 ;
; SW[7]      ; LEDR[7]     ; 3.449 ;       ;       ; 3.449 ;
; SW[8]      ; HEX2[0]     ; 3.912 ; 3.912 ; 3.912 ; 3.912 ;
; SW[8]      ; HEX2[1]     ; 3.831 ; 3.831 ; 3.831 ; 3.831 ;
; SW[8]      ; HEX2[2]     ;       ; 3.868 ; 3.868 ;       ;
; SW[8]      ; HEX2[3]     ; 3.854 ; 3.854 ; 3.854 ; 3.854 ;
; SW[8]      ; HEX2[4]     ; 3.938 ;       ;       ; 3.938 ;
; SW[8]      ; HEX2[5]     ; 3.984 ;       ;       ; 3.984 ;
; SW[8]      ; HEX2[6]     ; 3.972 ; 3.972 ; 3.972 ; 3.972 ;
; SW[8]      ; LEDR[8]     ; 3.681 ;       ;       ; 3.681 ;
; SW[9]      ; HEX2[0]     ; 3.628 ; 3.628 ; 3.628 ; 3.628 ;
; SW[9]      ; HEX2[1]     ; 3.549 ; 3.549 ; 3.549 ; 3.549 ;
; SW[9]      ; HEX2[2]     ; 3.592 ;       ;       ; 3.592 ;
; SW[9]      ; HEX2[3]     ; 3.578 ; 3.578 ; 3.578 ; 3.578 ;
; SW[9]      ; HEX2[4]     ;       ; 3.660 ; 3.660 ;       ;
; SW[9]      ; HEX2[5]     ; 3.710 ; 3.710 ; 3.710 ; 3.710 ;
; SW[9]      ; HEX2[6]     ; 3.694 ; 3.694 ; 3.694 ; 3.694 ;
; SW[9]      ; LEDR[9]     ; 3.687 ;       ;       ; 3.687 ;
; SW[10]     ; HEX2[0]     ; 3.880 ; 3.880 ; 3.880 ; 3.880 ;
; SW[10]     ; HEX2[1]     ; 3.801 ;       ;       ; 3.801 ;
; SW[10]     ; HEX2[2]     ; 3.843 ; 3.843 ; 3.843 ; 3.843 ;
; SW[10]     ; HEX2[3]     ; 3.829 ; 3.829 ; 3.829 ; 3.829 ;
; SW[10]     ; HEX2[4]     ; 3.911 ; 3.911 ; 3.911 ; 3.911 ;
; SW[10]     ; HEX2[5]     ; 3.961 ; 3.961 ; 3.961 ; 3.961 ;
; SW[10]     ; HEX2[6]     ; 3.946 ; 3.946 ; 3.946 ; 3.946 ;
; SW[10]     ; LEDR[10]    ; 3.115 ;       ;       ; 3.115 ;
; SW[11]     ; HEX2[0]     ; 3.707 ; 3.707 ; 3.707 ; 3.707 ;
; SW[11]     ; HEX2[1]     ; 3.624 ; 3.624 ; 3.624 ; 3.624 ;
; SW[11]     ; HEX2[2]     ; 3.662 ; 3.662 ; 3.662 ; 3.662 ;
; SW[11]     ; HEX2[3]     ; 3.647 ; 3.647 ; 3.647 ; 3.647 ;
; SW[11]     ; HEX2[4]     ;       ; 3.720 ; 3.720 ;       ;
; SW[11]     ; HEX2[5]     ; 3.770 ; 3.770 ; 3.770 ; 3.770 ;
; SW[11]     ; HEX2[6]     ; 3.769 ; 3.769 ; 3.769 ; 3.769 ;
; SW[11]     ; LEDR[11]    ; 3.101 ;       ;       ; 3.101 ;
; SW[12]     ; HEX3[0]     ; 3.686 ; 3.686 ; 3.686 ; 3.686 ;
; SW[12]     ; HEX3[1]     ; 3.651 ; 3.651 ; 3.651 ; 3.651 ;
; SW[12]     ; HEX3[2]     ;       ; 3.645 ; 3.645 ;       ;
; SW[12]     ; HEX3[3]     ; 3.624 ; 3.624 ; 3.624 ; 3.624 ;
; SW[12]     ; HEX3[4]     ; 3.640 ;       ;       ; 3.640 ;
; SW[12]     ; HEX3[5]     ; 3.712 ;       ;       ; 3.712 ;
; SW[12]     ; HEX3[6]     ; 3.731 ; 3.731 ; 3.731 ; 3.731 ;
; SW[12]     ; LEDR[12]    ; 3.208 ;       ;       ; 3.208 ;
; SW[13]     ; HEX3[0]     ; 5.906 ; 5.906 ; 5.906 ; 5.906 ;
; SW[13]     ; HEX3[1]     ; 5.875 ; 5.875 ; 5.875 ; 5.875 ;
; SW[13]     ; HEX3[2]     ; 5.869 ;       ;       ; 5.869 ;
; SW[13]     ; HEX3[3]     ; 5.845 ; 5.845 ; 5.845 ; 5.845 ;
; SW[13]     ; HEX3[4]     ;       ; 5.859 ; 5.859 ;       ;
; SW[13]     ; HEX3[5]     ; 5.934 ; 5.934 ; 5.934 ; 5.934 ;
; SW[13]     ; HEX3[6]     ; 5.951 ; 5.951 ; 5.951 ; 5.951 ;
; SW[13]     ; LEDR[13]    ; 5.592 ;       ;       ; 5.592 ;
; SW[14]     ; HEX3[0]     ; 5.950 ; 5.950 ; 5.950 ; 5.950 ;
; SW[14]     ; HEX3[1]     ; 5.919 ;       ;       ; 5.919 ;
; SW[14]     ; HEX3[2]     ; 5.921 ; 5.921 ; 5.921 ; 5.921 ;
; SW[14]     ; HEX3[3]     ; 5.892 ; 5.892 ; 5.892 ; 5.892 ;
; SW[14]     ; HEX3[4]     ; 5.915 ; 5.915 ; 5.915 ; 5.915 ;
; SW[14]     ; HEX3[5]     ; 5.992 ; 5.992 ; 5.992 ; 5.992 ;
; SW[14]     ; HEX3[6]     ; 5.999 ; 5.999 ; 5.999 ; 5.999 ;
; SW[14]     ; LEDR[14]    ; 5.609 ;       ;       ; 5.609 ;
; SW[15]     ; HEX3[0]     ; 5.798 ; 5.798 ; 5.798 ; 5.798 ;
; SW[15]     ; HEX3[1]     ; 5.767 ; 5.767 ; 5.767 ; 5.767 ;
; SW[15]     ; HEX3[2]     ; 5.767 ; 5.767 ; 5.767 ; 5.767 ;
; SW[15]     ; HEX3[3]     ; 5.744 ; 5.744 ; 5.744 ; 5.744 ;
; SW[15]     ; HEX3[4]     ;       ; 5.768 ; 5.768 ;       ;
; SW[15]     ; HEX3[5]     ; 5.838 ; 5.838 ; 5.838 ; 5.838 ;
; SW[15]     ; HEX3[6]     ; 5.847 ; 5.847 ; 5.847 ; 5.847 ;
; SW[15]     ; LEDR[15]    ; 5.593 ;       ;       ; 5.593 ;
; SW[16]     ; HEX4[0]     ; 5.192 ;       ;       ; 5.192 ;
; SW[16]     ; HEX4[2]     ;       ; 5.222 ; 5.222 ;       ;
; SW[16]     ; HEX4[3]     ; 5.108 ;       ;       ; 5.108 ;
; SW[16]     ; HEX4[4]     ; 4.787 ;       ;       ; 4.787 ;
; SW[16]     ; HEX4[5]     ; 5.095 ;       ;       ; 5.095 ;
; SW[16]     ; LEDR[16]    ; 5.518 ;       ;       ; 5.518 ;
; SW[17]     ; HEX4[0]     ;       ; 5.112 ; 5.112 ;       ;
; SW[17]     ; HEX4[2]     ; 5.170 ;       ;       ; 5.170 ;
; SW[17]     ; HEX4[3]     ;       ; 5.028 ; 5.028 ;       ;
; SW[17]     ; HEX4[5]     ; 5.043 ;       ;       ; 5.043 ;
; SW[17]     ; HEX4[6]     ;       ; 4.795 ; 4.795 ;       ;
; SW[17]     ; LEDR[17]    ; 5.508 ;       ;       ; 5.508 ;
+------------+-------------+-------+-------+-------+-------+


-------------------
; Clock Transfers ;
-------------------
Nothing to report.


---------------
; Report TCCS ;
---------------
No dedicated SERDES Transmitter circuitry present in device or used in design


---------------
; Report RSKM ;
---------------
No dedicated SERDES Receiver circuitry present in device or used in design


+------------------------------------------------+
; Unconstrained Paths                            ;
+---------------------------------+-------+------+
; Property                        ; Setup ; Hold ;
+---------------------------------+-------+------+
; Illegal Clocks                  ; 0     ; 0    ;
; Unconstrained Clocks            ; 0     ; 0    ;
; Unconstrained Input Ports       ; 18    ; 18   ;
; Unconstrained Input Port Paths  ; 140   ; 140  ;
; Unconstrained Output Ports      ; 52    ; 52   ;
; Unconstrained Output Port Paths ; 140   ; 140  ;
+---------------------------------+-------+------+


+------------------------------------+
; TimeQuest Timing Analyzer Messages ;
+------------------------------------+
Info: *******************************************************************
Info: Running Quartus II 64-Bit TimeQuest Timing Analyzer
    Info: Version 13.0.1 Build 232 06/12/2013 Service Pack 1 SJ Web Edition
    Info: Processing started: Thu Sep 29 23:25:04 2022
Info: Command: quartus_sta de2 -c top
Info: qsta_default_script.tcl version: #1
Warning (20028): Parallel compilation is not licensed and has been disabled
Info (21077): Low junction temperature is 0 degrees C
Info (21077): High junction temperature is 85 degrees C
Critical Warning (332012): Synopsys Design Constraints File file not found: 'top.sdc'. A Synopsys Design Constraints File is required by the TimeQuest Timing Analyzer to get proper timing constraints. Without it, the Compiler will not properly optimize the design.
Info (332142): No user constrained base clocks found in the design. Calling "derive_clocks -period 1.0"
Info (332096): The command derive_clocks did not find any clocks to derive.  No clocks were created or changed.
Warning (332068): No clocks defined in design.
Info: Found TIMEQUEST_REPORT_SCRIPT_INCLUDE_DEFAULT_ANALYSIS = ON
Info (332159): No clocks to report
Info: Analyzing Slow Model
Info (332140): No fmax paths to report
Info (332140): No Setup paths to report
Info (332140): No Hold paths to report
Info (332140): No Recovery paths to report
Info (332140): No Removal paths to report
Info (332140): No Minimum Pulse Width paths to report
Info (332001): The selected device family is not supported by the report_metastability command.
Info: Analyzing Fast Model
Info (332142): No user constrained base clocks found in the design. Calling "derive_clocks -period 1.0"
Info (332096): The command derive_clocks did not find any clocks to derive.  No clocks were created or changed.
Warning (332068): No clocks defined in design.
Info (332140): No Setup paths to report
Info (332140): No Hold paths to report
Info (332140): No Recovery paths to report
Info (332140): No Removal paths to report
Info (332140): No Minimum Pulse Width paths to report
Info (332001): The selected device family is not supported by the report_metastability command.
Info (332102): Design is not fully constrained for setup requirements
Info (332102): Design is not fully constrained for hold requirements
Info: Quartus II 64-Bit TimeQuest Timing Analyzer was successful. 0 errors, 4 warnings
    Info: Peak virtual memory: 501 megabytes
    Info: Processing ended: Thu Sep 29 23:25:05 2022
    Info: Elapsed time: 00:00:01
    Info: Total CPU time (on all processors): 00:00:01


